
======================================================================
회차 1 | 2026-09-11 10:29:26 | min_cluster_size = 2
======================================================================

[클러스터별 실제 결과]

  클러스터 0 (2개) | 평균 확신도: 1.00
    ✓ [데이터 선물] 선물 데이터는 유효기간이 있나요?  (확신도: 1.00)
    ✓ [데이터 선물] 매달 자동으로 데이터를 선물해줄 수 있나요?  (확신도: 1.00)

  클러스터 1 (7개) | 평균 확신도: 0.88
    ✓ [통화 녹음] 통화할 때 자동으로 녹음되게 설정할 수 있나요?  (확신도: 1.00)
    ✓ [통화 녹음] 특정 번호랑 통화할 때만 녹음하고 싶은데 가능해요?  (확신도: 1.00)
    ✓ [통화 녹음] 예전에 했던 통화를 다시 들을 수 있는 기능이 있나요?  (확신도: 0.79)
    ✓ [통화 녹음] 아이폰에서도 통화 내용을 저장할 수 있나요?  (확신도: 0.79)
    ✓ [통화 녹음] 통화 녹음 파일은 어디에 저장되나요?  (확신도: 0.82)
    ✓ [통화 녹음] 통화 녹음 기능은 무료인가요?  (확신도: 0.92)
    ✓ [통화 녹음] 녹음된 통화를 다른 사람한테 공유할 수 있나요?  (확신도: 0.81)

  클러스터 2 (3개) | 평균 확신도: 0.98
    ✓ [데이터 선물] 남은 데이터를 친구한테 보내줄 수 있나요?  (확신도: 1.00)
    ✓ [데이터 선물] 가족 말고 다른 사람한테도 데이터 나눠줄 수 있어요?  (확신도: 0.93)
    ✓ [데이터 선물] 다른 사람한테 받은 데이터를 또 다른 사람에게 줄 수 있나요?  (확신도: 1.00)

  클러스터 3 (2개) | 평균 확신도: 1.00
    ✓ [발신자 정보 표시] 업체에서 전화 오면 회사 이름이 화면에 뜨게 할 수 있나요?  (확신도: 1.00)
    ✓ [발신자 정보 표시] 전화번호부에 없는 번호도 회사명이 뜨게 할 수 있나요?  (확신도: 1.00)

  클러스터 4 (5개) | 평균 확신도: 0.98
    ✓ [부재중 통화 알림] 통화권 밖에 있을 때 누가 전화했는지 문자로 알려주나요?  (확신도: 0.94)
    ✓ [부재중 통화 알림] 전화를 못 받은 경우 자동으로 문자 알림이 오게 할 수 있나요?  (확신도: 0.97)
    ✓ [부재중 통화 알림] 부재중 전화를 이메일로도 받아볼 수 있나요?  (확신도: 1.00)
    ✓ [부재중 통화 알림] 여러 통 부재중 전화가 오면 한번에 알려주나요?  (확신도: 1.00)
    ✓ [부재중 통화 알림] 부재중 알림을 카카오톡으로 받을 수 있나요?  (확신도: 0.96)

  클러스터 5 (2개) | 평균 확신도: 1.00
    ✓ [발신자 정보 표시] 모르는 번호가 스팸인지 전화 받기 전에 확인할 수 있나요?  (확신도: 1.00)
    ✓ [발신자 정보 표시 / 스팸 차단] 스팸 번호를 자동으로 걸러주면서 누가 전화했는지도 알려주나요?  (확신도: 1.00)

  클러스터 6 (3개) | 평균 확신도: 0.99
    ✓ [부재중 통화 알림] 휴대폰이 꺼져 있을 때 온 전화를 나중에 확인할 수 있나요?  (확신도: 1.00)
    ✓ [부재중 통화 알림] 비행기 모드인 동안 걸려온 전화도 다시 켜면 알 수 있나요?  (확신도: 1.00)
    ✓ [부재중 통화 알림 / 음성사서함] 전화가 안 되는 상태였을 때 온 연락을 나중에 확인하고 싶어요.  (확신도: 0.97)

  클러스터 7 (2개) | 평균 확신도: 1.00
    ✓ [발신자 정보 표시] 저장하지 않은 번호에서 전화가 오면 누군지 알 수 있나요?  (확신도: 1.00)
    ✓ [발신자 정보 표시] 전화가 왔는데 저장 안 한 번호도 이름이 뜨는 이유가 뭔가요?  (확신도: 1.00)

  노이즈로 분류됨 (12개)
    ✓ [발신자 정보 표시] 전화 받을 때 상대방 정보를 미리 보여주는 서비스가 있나요?
    ✓ [데이터 선물] 이번 달에 남은 데이터를 다른 번호로 넘기고 싶어요.
    ✓ [데이터 선물 / 데이터 공유] 데이터를 공유하면 제 데이터에서 바로 빠지는 건가요?
    ✓ [발신자 정보 표시] 택배 기사님 전화인지 미리 알 수 있는 방법 있나요?
    · [노이즈(무관)] 포인트를 현금으로 환급받을 수 있나요?
    · [노이즈(무관)] 휴대폰 케이스를 무료로 주는 이벤트가 있나요?
    · [노이즈(무관)] 가족관계증명서는 어디서 발급받나요?
    · [노이즈(무관)] 상담사와 채팅으로 상담할 수 있나요?
    · [노이즈(무관)] 앱 다크모드는 어떻게 켜나요?
    · [노이즈(무관)] 통역 기능이 있는 통화 서비스가 있나요?
    · [노이즈(무관)] 고객센터에 직접 편지를 보내도 되나요?
    · [노이즈(무관)] 회사 로고 스티커를 받을 수 있나요?

======================================================================
회차 1 | 2026-09-11 10:29:26 | min_cluster_size = 3
======================================================================

[클러스터별 실제 결과]

  클러스터 0 (14개) | 평균 확신도: 0.98
    ✓ [발신자 정보 표시] 저장하지 않은 번호에서 전화가 오면 누군지 알 수 있나요?  (확신도: 1.00)
    ✓ [발신자 정보 표시] 모르는 번호가 스팸인지 전화 받기 전에 확인할 수 있나요?  (확신도: 1.00)
    ✓ [발신자 정보 표시] 전화 받을 때 상대방 정보를 미리 보여주는 서비스가 있나요?  (확신도: 0.93)
    ✓ [발신자 정보 표시] 전화가 왔는데 저장 안 한 번호도 이름이 뜨는 이유가 뭔가요?  (확신도: 0.97)
    ✓ [발신자 정보 표시 / 스팸 차단] 스팸 번호를 자동으로 걸러주면서 누가 전화했는지도 알려주나요?  (확신도: 0.97)
    ✓ [부재중 통화 알림] 휴대폰이 꺼져 있을 때 온 전화를 나중에 확인할 수 있나요?  (확신도: 1.00)
    ✓ [부재중 통화 알림] 통화권 밖에 있을 때 누가 전화했는지 문자로 알려주나요?  (확신도: 1.00)
    ✓ [부재중 통화 알림] 전화를 못 받은 경우 자동으로 문자 알림이 오게 할 수 있나요?  (확신도: 1.00)
    ✓ [부재중 통화 알림 / 음성사서함] 전화가 안 되는 상태였을 때 온 연락을 나중에 확인하고 싶어요.  (확신도: 0.95)
    ✓ [발신자 정보 표시] 택배 기사님 전화인지 미리 알 수 있는 방법 있나요?  (확신도: 1.00)
    ✓ [발신자 정보 표시] 전화번호부에 없는 번호도 회사명이 뜨게 할 수 있나요?  (확신도: 0.97)
    ✓ [부재중 통화 알림] 부재중 전화를 이메일로도 받아볼 수 있나요?  (확신도: 1.00)
    ✓ [부재중 통화 알림] 여러 통 부재중 전화가 오면 한번에 알려주나요?  (확신도: 1.00)
    ✓ [부재중 통화 알림] 부재중 알림을 카카오톡으로 받을 수 있나요?  (확신도: 0.98)

  클러스터 1 (5개) | 평균 확신도: 0.98
    ✓ [통화 녹음] 통화할 때 자동으로 녹음되게 설정할 수 있나요?  (확신도: 1.00)
    ✓ [통화 녹음] 특정 번호랑 통화할 때만 녹음하고 싶은데 가능해요?  (확신도: 0.94)
    ✓ [통화 녹음] 통화 녹음 파일은 어디에 저장되나요?  (확신도: 1.00)
    ✓ [통화 녹음] 통화 녹음 기능은 무료인가요?  (확신도: 1.00)
    ✓ [통화 녹음] 녹음된 통화를 다른 사람한테 공유할 수 있나요?  (확신도: 0.98)

  클러스터 2 (3개) | 평균 확신도: 1.00
    ✓ [데이터 선물] 남은 데이터를 친구한테 보내줄 수 있나요?  (확신도: 1.00)
    ✓ [데이터 선물] 가족 말고 다른 사람한테도 데이터 나눠줄 수 있어요?  (확신도: 1.00)
    ✓ [데이터 선물] 다른 사람한테 받은 데이터를 또 다른 사람에게 줄 수 있나요?  (확신도: 1.00)

  노이즈로 분류됨 (16개)
    ✓ [통화 녹음] 예전에 했던 통화를 다시 들을 수 있는 기능이 있나요?
    ✓ [통화 녹음] 아이폰에서도 통화 내용을 저장할 수 있나요?
    ✓ [발신자 정보 표시] 업체에서 전화 오면 회사 이름이 화면에 뜨게 할 수 있나요?
    ✓ [데이터 선물] 이번 달에 남은 데이터를 다른 번호로 넘기고 싶어요.
    ✓ [데이터 선물 / 데이터 공유] 데이터를 공유하면 제 데이터에서 바로 빠지는 건가요?
    ✓ [부재중 통화 알림] 비행기 모드인 동안 걸려온 전화도 다시 켜면 알 수 있나요?
    ✓ [데이터 선물] 선물 데이터는 유효기간이 있나요?
    ✓ [데이터 선물] 매달 자동으로 데이터를 선물해줄 수 있나요?
    · [노이즈(무관)] 포인트를 현금으로 환급받을 수 있나요?
    · [노이즈(무관)] 휴대폰 케이스를 무료로 주는 이벤트가 있나요?
    · [노이즈(무관)] 가족관계증명서는 어디서 발급받나요?
    · [노이즈(무관)] 상담사와 채팅으로 상담할 수 있나요?
    · [노이즈(무관)] 앱 다크모드는 어떻게 켜나요?
    · [노이즈(무관)] 통역 기능이 있는 통화 서비스가 있나요?
    · [노이즈(무관)] 고객센터에 직접 편지를 보내도 되나요?
    · [노이즈(무관)] 회사 로고 스티커를 받을 수 있나요?

======================================================================
회차 1 | 2026-09-11 10:29:26 | min_cluster_size = 4
======================================================================

[클러스터별 실제 결과]

  클러스터 0 (7개) | 평균 확신도: 1.00
    ✓ [통화 녹음] 통화할 때 자동으로 녹음되게 설정할 수 있나요?  (확신도: 1.00)
    ✓ [통화 녹음] 특정 번호랑 통화할 때만 녹음하고 싶은데 가능해요?  (확신도: 1.00)
    ✓ [데이터 선물] 남은 데이터를 친구한테 보내줄 수 있나요?  (확신도: 0.98)
    ✓ [데이터 선물] 다른 사람한테 받은 데이터를 또 다른 사람에게 줄 수 있나요?  (확신도: 0.99)
    ✓ [통화 녹음] 통화 녹음 파일은 어디에 저장되나요?  (확신도: 1.00)
    ✓ [통화 녹음] 통화 녹음 기능은 무료인가요?  (확신도: 1.00)
    ✓ [통화 녹음] 녹음된 통화를 다른 사람한테 공유할 수 있나요?  (확신도: 1.00)

  클러스터 1 (10개) | 평균 확신도: 0.98
    ✓ [발신자 정보 표시] 저장하지 않은 번호에서 전화가 오면 누군지 알 수 있나요?  (확신도: 1.00)
    ✓ [발신자 정보 표시] 모르는 번호가 스팸인지 전화 받기 전에 확인할 수 있나요?  (확신도: 1.00)
    ✓ [발신자 정보 표시] 전화가 왔는데 저장 안 한 번호도 이름이 뜨는 이유가 뭔가요?  (확신도: 0.95)
    ✓ [발신자 정보 표시 / 스팸 차단] 스팸 번호를 자동으로 걸러주면서 누가 전화했는지도 알려주나요?  (확신도: 0.92)
    ✓ [부재중 통화 알림] 휴대폰이 꺼져 있을 때 온 전화를 나중에 확인할 수 있나요?  (확신도: 1.00)
    ✓ [부재중 통화 알림] 통화권 밖에 있을 때 누가 전화했는지 문자로 알려주나요?  (확신도: 1.00)
    ✓ [부재중 통화 알림] 전화를 못 받은 경우 자동으로 문자 알림이 오게 할 수 있나요?  (확신도: 1.00)
    ✓ [부재중 통화 알림 / 음성사서함] 전화가 안 되는 상태였을 때 온 연락을 나중에 확인하고 싶어요.  (확신도: 0.92)
    ✓ [부재중 통화 알림] 부재중 전화를 이메일로도 받아볼 수 있나요?  (확신도: 1.00)
    ✓ [부재중 통화 알림] 여러 통 부재중 전화가 오면 한번에 알려주나요?  (확신도: 1.00)

  노이즈로 분류됨 (21개)
    ✓ [통화 녹음] 예전에 했던 통화를 다시 들을 수 있는 기능이 있나요?
    ✓ [통화 녹음] 아이폰에서도 통화 내용을 저장할 수 있나요?
    ✓ [발신자 정보 표시] 업체에서 전화 오면 회사 이름이 화면에 뜨게 할 수 있나요?
    ✓ [발신자 정보 표시] 전화 받을 때 상대방 정보를 미리 보여주는 서비스가 있나요?
    ✓ [데이터 선물] 가족 말고 다른 사람한테도 데이터 나눠줄 수 있어요?
    ✓ [데이터 선물] 이번 달에 남은 데이터를 다른 번호로 넘기고 싶어요.
    ✓ [데이터 선물 / 데이터 공유] 데이터를 공유하면 제 데이터에서 바로 빠지는 건가요?
    ✓ [부재중 통화 알림] 비행기 모드인 동안 걸려온 전화도 다시 켜면 알 수 있나요?
    ✓ [발신자 정보 표시] 택배 기사님 전화인지 미리 알 수 있는 방법 있나요?
    ✓ [발신자 정보 표시] 전화번호부에 없는 번호도 회사명이 뜨게 할 수 있나요?
    ✓ [데이터 선물] 선물 데이터는 유효기간이 있나요?
    ✓ [데이터 선물] 매달 자동으로 데이터를 선물해줄 수 있나요?
    ✓ [부재중 통화 알림] 부재중 알림을 카카오톡으로 받을 수 있나요?
    · [노이즈(무관)] 포인트를 현금으로 환급받을 수 있나요?
    · [노이즈(무관)] 휴대폰 케이스를 무료로 주는 이벤트가 있나요?
    · [노이즈(무관)] 가족관계증명서는 어디서 발급받나요?
    · [노이즈(무관)] 상담사와 채팅으로 상담할 수 있나요?
    · [노이즈(무관)] 앱 다크모드는 어떻게 켜나요?
    · [노이즈(무관)] 통역 기능이 있는 통화 서비스가 있나요?
    · [노이즈(무관)] 고객센터에 직접 편지를 보내도 되나요?
    · [노이즈(무관)] 회사 로고 스티커를 받을 수 있나요?

======================================================================
회차 1 | 2026-09-11 10:29:26 | min_cluster_size = 5
======================================================================

[클러스터별 실제 결과]

  노이즈로 분류됨 (38개)
    ✓ [통화 녹음] 통화할 때 자동으로 녹음되게 설정할 수 있나요?
    ✓ [통화 녹음] 특정 번호랑 통화할 때만 녹음하고 싶은데 가능해요?
    ✓ [통화 녹음] 예전에 했던 통화를 다시 들을 수 있는 기능이 있나요?
    ✓ [통화 녹음] 아이폰에서도 통화 내용을 저장할 수 있나요?
    ✓ [발신자 정보 표시] 저장하지 않은 번호에서 전화가 오면 누군지 알 수 있나요?
    ✓ [발신자 정보 표시] 업체에서 전화 오면 회사 이름이 화면에 뜨게 할 수 있나요?
    ✓ [발신자 정보 표시] 모르는 번호가 스팸인지 전화 받기 전에 확인할 수 있나요?
    ✓ [발신자 정보 표시] 전화 받을 때 상대방 정보를 미리 보여주는 서비스가 있나요?
    ✓ [발신자 정보 표시] 전화가 왔는데 저장 안 한 번호도 이름이 뜨는 이유가 뭔가요?
    ✓ [발신자 정보 표시 / 스팸 차단] 스팸 번호를 자동으로 걸러주면서 누가 전화했는지도 알려주나요?
    ✓ [데이터 선물] 남은 데이터를 친구한테 보내줄 수 있나요?
    ✓ [데이터 선물] 가족 말고 다른 사람한테도 데이터 나눠줄 수 있어요?
    ✓ [데이터 선물] 이번 달에 남은 데이터를 다른 번호로 넘기고 싶어요.
    ✓ [데이터 선물 / 데이터 공유] 데이터를 공유하면 제 데이터에서 바로 빠지는 건가요?
    ✓ [데이터 선물] 다른 사람한테 받은 데이터를 또 다른 사람에게 줄 수 있나요?
    ✓ [부재중 통화 알림] 휴대폰이 꺼져 있을 때 온 전화를 나중에 확인할 수 있나요?
    ✓ [부재중 통화 알림] 비행기 모드인 동안 걸려온 전화도 다시 켜면 알 수 있나요?
    ✓ [부재중 통화 알림] 통화권 밖에 있을 때 누가 전화했는지 문자로 알려주나요?
    ✓ [부재중 통화 알림] 전화를 못 받은 경우 자동으로 문자 알림이 오게 할 수 있나요?
    ✓ [부재중 통화 알림 / 음성사서함] 전화가 안 되는 상태였을 때 온 연락을 나중에 확인하고 싶어요.
    ✓ [통화 녹음] 통화 녹음 파일은 어디에 저장되나요?
    ✓ [통화 녹음] 통화 녹음 기능은 무료인가요?
    ✓ [통화 녹음] 녹음된 통화를 다른 사람한테 공유할 수 있나요?
    ✓ [발신자 정보 표시] 택배 기사님 전화인지 미리 알 수 있는 방법 있나요?
    ✓ [발신자 정보 표시] 전화번호부에 없는 번호도 회사명이 뜨게 할 수 있나요?
    ✓ [데이터 선물] 선물 데이터는 유효기간이 있나요?
    ✓ [데이터 선물] 매달 자동으로 데이터를 선물해줄 수 있나요?
    ✓ [부재중 통화 알림] 부재중 전화를 이메일로도 받아볼 수 있나요?
    ✓ [부재중 통화 알림] 여러 통 부재중 전화가 오면 한번에 알려주나요?
    ✓ [부재중 통화 알림] 부재중 알림을 카카오톡으로 받을 수 있나요?
    · [노이즈(무관)] 포인트를 현금으로 환급받을 수 있나요?
    · [노이즈(무관)] 휴대폰 케이스를 무료로 주는 이벤트가 있나요?
    · [노이즈(무관)] 가족관계증명서는 어디서 발급받나요?
    · [노이즈(무관)] 상담사와 채팅으로 상담할 수 있나요?
    · [노이즈(무관)] 앱 다크모드는 어떻게 켜나요?
    · [노이즈(무관)] 통역 기능이 있는 통화 서비스가 있나요?
    · [노이즈(무관)] 고객센터에 직접 편지를 보내도 되나요?
    · [노이즈(무관)] 회사 로고 스티커를 받을 수 있나요?

======================================================================
회차 1 | 2026-09-11 10:29:26 | min_cluster_size = 6
======================================================================

[클러스터별 실제 결과]

  노이즈로 분류됨 (38개)
    ✓ [통화 녹음] 통화할 때 자동으로 녹음되게 설정할 수 있나요?
    ✓ [통화 녹음] 특정 번호랑 통화할 때만 녹음하고 싶은데 가능해요?
    ✓ [통화 녹음] 예전에 했던 통화를 다시 들을 수 있는 기능이 있나요?
    ✓ [통화 녹음] 아이폰에서도 통화 내용을 저장할 수 있나요?
    ✓ [발신자 정보 표시] 저장하지 않은 번호에서 전화가 오면 누군지 알 수 있나요?
    ✓ [발신자 정보 표시] 업체에서 전화 오면 회사 이름이 화면에 뜨게 할 수 있나요?
    ✓ [발신자 정보 표시] 모르는 번호가 스팸인지 전화 받기 전에 확인할 수 있나요?
    ✓ [발신자 정보 표시] 전화 받을 때 상대방 정보를 미리 보여주는 서비스가 있나요?
    ✓ [발신자 정보 표시] 전화가 왔는데 저장 안 한 번호도 이름이 뜨는 이유가 뭔가요?
    ✓ [발신자 정보 표시 / 스팸 차단] 스팸 번호를 자동으로 걸러주면서 누가 전화했는지도 알려주나요?
    ✓ [데이터 선물] 남은 데이터를 친구한테 보내줄 수 있나요?
    ✓ [데이터 선물] 가족 말고 다른 사람한테도 데이터 나눠줄 수 있어요?
    ✓ [데이터 선물] 이번 달에 남은 데이터를 다른 번호로 넘기고 싶어요.
    ✓ [데이터 선물 / 데이터 공유] 데이터를 공유하면 제 데이터에서 바로 빠지는 건가요?
    ✓ [데이터 선물] 다른 사람한테 받은 데이터를 또 다른 사람에게 줄 수 있나요?
    ✓ [부재중 통화 알림] 휴대폰이 꺼져 있을 때 온 전화를 나중에 확인할 수 있나요?
    ✓ [부재중 통화 알림] 비행기 모드인 동안 걸려온 전화도 다시 켜면 알 수 있나요?
    ✓ [부재중 통화 알림] 통화권 밖에 있을 때 누가 전화했는지 문자로 알려주나요?
    ✓ [부재중 통화 알림] 전화를 못 받은 경우 자동으로 문자 알림이 오게 할 수 있나요?
    ✓ [부재중 통화 알림 / 음성사서함] 전화가 안 되는 상태였을 때 온 연락을 나중에 확인하고 싶어요.
    ✓ [통화 녹음] 통화 녹음 파일은 어디에 저장되나요?
    ✓ [통화 녹음] 통화 녹음 기능은 무료인가요?
    ✓ [통화 녹음] 녹음된 통화를 다른 사람한테 공유할 수 있나요?
    ✓ [발신자 정보 표시] 택배 기사님 전화인지 미리 알 수 있는 방법 있나요?
    ✓ [발신자 정보 표시] 전화번호부에 없는 번호도 회사명이 뜨게 할 수 있나요?
    ✓ [데이터 선물] 선물 데이터는 유효기간이 있나요?
    ✓ [데이터 선물] 매달 자동으로 데이터를 선물해줄 수 있나요?
    ✓ [부재중 통화 알림] 부재중 전화를 이메일로도 받아볼 수 있나요?
    ✓ [부재중 통화 알림] 여러 통 부재중 전화가 오면 한번에 알려주나요?
    ✓ [부재중 통화 알림] 부재중 알림을 카카오톡으로 받을 수 있나요?
    · [노이즈(무관)] 포인트를 현금으로 환급받을 수 있나요?
    · [노이즈(무관)] 휴대폰 케이스를 무료로 주는 이벤트가 있나요?
    · [노이즈(무관)] 가족관계증명서는 어디서 발급받나요?
    · [노이즈(무관)] 상담사와 채팅으로 상담할 수 있나요?
    · [노이즈(무관)] 앱 다크모드는 어떻게 켜나요?
    · [노이즈(무관)] 통역 기능이 있는 통화 서비스가 있나요?
    · [노이즈(무관)] 고객센터에 직접 편지를 보내도 되나요?
    · [노이즈(무관)] 회사 로고 스티커를 받을 수 있나요?
